// Jest Snapshot v1, https://goo.gl/fbAQLP

exports[`Message.vue renders props.msg when passed 1`] = `
<li>
  <strong>
    CyberNomad:
  </strong>
   new message

</li>
`;
